2026-07-28 17:22:32 | INFO  | costpilot | ✅ 数据库连接正常
2026-07-28 17:22:32 | INFO  | costpilot | 数据库已备份: H:\AI-model\造价通\data\sqlite\backups\工程助手_20260728_172232.db (6512640 bytes)
2026-07-28 17:22:32 | INFO  | costpilot | ✅ 数据库备份完成: H:\AI-model\造价通\data\sqlite\backups\工程助手_20260728_172232.db
2026-07-28 17:22:32 | INFO  | costpilot | ✅ 配置文件存在: H:\AI-model\造价通\config.yaml
2026-07-28 17:22:32 | INFO  | costpilot | ✅ 前端静态文件已就绪: H:\AI-model\造价通\apps\web\dist
2026-07-28 17:22:32 | INFO  | costpilot | ✅ 日志目录: H:\AI-model\造价通\logs
2026-07-28 17:22:32 | INFO  | costpilot | ==================================================
2026-07-28 17:22:32 | INFO  | costpilot | 🚀 工程助手 API 启动成功
2026-07-28 17:22:32 | INFO  | costpilot |   版本: 0.1.0
2026-07-28 17:22:32 | INFO  | costpilot |   系统: Windows 11
2026-07-28 17:22:32 | INFO  | costpilot |   Python: 3.12.8
2026-07-28 17:22:32 | INFO  | costpilot |   文档: http://127.0.0.1:8765/docs
2026-07-28 17:22:32 | INFO  | costpilot | ==================================================
2026-07-28 17:22:51 | INFO  | costpilot | ✅ 数据库连接正常
2026-07-28 17:22:51 | INFO  | costpilot | 数据库已备份: H:\AI-model\造价通\data\sqlite\backups\工程助手_20260728_172251.db (6512640 bytes)
2026-07-28 17:22:51 | INFO  | costpilot | ✅ 数据库备份完成: H:\AI-model\造价通\data\sqlite\backups\工程助手_20260728_172251.db
2026-07-28 17:22:51 | INFO  | costpilot | ✅ 配置文件存在: H:\AI-model\造价通\config.yaml
2026-07-28 17:22:51 | INFO  | costpilot | ✅ 前端静态文件已就绪: H:\AI-model\造价通\apps\web\dist
2026-07-28 17:22:51 | INFO  | costpilot | ✅ 日志目录: H:\AI-model\造价通\logs
2026-07-28 17:22:51 | INFO  | costpilot | ==================================================
2026-07-28 17:22:51 | INFO  | costpilot | 🚀 工程助手 API 启动成功
2026-07-28 17:22:51 | INFO  | costpilot |   版本: 0.1.0
2026-07-28 17:22:51 | INFO  | costpilot |   系统: Windows 11
2026-07-28 17:22:51 | INFO  | costpilot |   Python: 3.12.8
2026-07-28 17:22:51 | INFO  | costpilot |   文档: http://127.0.0.1:8765/docs
2026-07-28 17:22:51 | INFO  | costpilot | ==================================================
2026-07-28 17:23:49 | INFO  | costpilot | ✅ 数据库连接正常
2026-07-28 17:23:49 | INFO  | costpilot | 数据库已备份: H:\AI-model\造价通\data\sqlite\backups\工程助手_20260728_172349.db (6512640 bytes)
2026-07-28 17:23:49 | INFO  | costpilot | ✅ 数据库备份完成: H:\AI-model\造价通\data\sqlite\backups\工程助手_20260728_172349.db
2026-07-28 17:23:49 | INFO  | costpilot | ✅ 配置文件存在: H:\AI-model\造价通\config.yaml
2026-07-28 17:23:49 | INFO  | costpilot | ✅ 前端静态文件已就绪: H:\AI-model\造价通\apps\web\dist
2026-07-28 17:23:49 | INFO  | costpilot | ✅ 日志目录: H:\AI-model\造价通\logs
2026-07-28 17:23:49 | INFO  | costpilot | ==================================================
2026-07-28 17:23:49 | INFO  | costpilot | 🚀 工程助手 API 启动成功
2026-07-28 17:23:49 | INFO  | costpilot |   版本: 0.1.0
2026-07-28 17:23:49 | INFO  | costpilot |   系统: Windows 11
2026-07-28 17:23:49 | INFO  | costpilot |   Python: 3.12.8
2026-07-28 17:23:49 | INFO  | costpilot |   文档: http://127.0.0.1:8765/docs
2026-07-28 17:23:49 | INFO  | costpilot | ==================================================
2026-07-28 17:24:51 | INFO  | costpilot | GET /api/v1/prices/specialties → 200 (3ms)
2026-07-28 17:24:51 | INFO  | costpilot | GET /api/v1/prices/search → 200 (34ms)
2026-07-28 17:29:29 | INFO  | costpilot | ✅ 数据库连接正常
2026-07-28 17:29:29 | INFO  | costpilot | 数据库已备份: H:\AI-model\造价通\data\sqlite\backups\工程助手_20260728_172929.db (6512640 bytes)
2026-07-28 17:29:29 | INFO  | costpilot | ✅ 数据库备份完成: H:\AI-model\造价通\data\sqlite\backups\工程助手_20260728_172929.db
2026-07-28 17:29:29 | INFO  | costpilot | ✅ 配置文件存在: H:\AI-model\造价通\config.yaml
2026-07-28 17:29:29 | INFO  | costpilot | ✅ 前端静态文件已就绪: H:\AI-model\造价通\apps\web\dist
2026-07-28 17:29:29 | INFO  | costpilot | ✅ 日志目录: H:\AI-model\造价通\logs
2026-07-28 17:29:29 | INFO  | costpilot | ==================================================
2026-07-28 17:29:29 | INFO  | costpilot | 🚀 工程助手 API 启动成功
2026-07-28 17:29:29 | INFO  | costpilot |   版本: 0.1.0
2026-07-28 17:29:29 | INFO  | costpilot |   系统: Windows 11
2026-07-28 17:29:29 | INFO  | costpilot |   Python: 3.12.8
2026-07-28 17:29:29 | INFO  | costpilot |   文档: http://127.0.0.1:8765/docs
2026-07-28 17:29:29 | INFO  | costpilot | ==================================================
2026-07-28 17:29:41 | INFO  | costpilot | GET /api/v1/prices → 200 (17ms)
2026-07-28 17:29:50 | INFO  | costpilot | GET / → 200 (19ms)
2026-07-28 17:34:47 | INFO  | costpilot | GET /health → 200 (1ms)
2026-07-28 17:34:47 | INFO  | costpilot | GET /api/v1/ai/config → 200 (1ms)
2026-07-28 17:34:47 | INFO  | costpilot | GET /api/status → 200 (2ms)
2026-07-28 17:34:47 | INFO  | costpilot | GET /api/v1/quotes/generate → 404 (2ms)
2026-07-28 17:41:02 | INFO  | costpilot | ✅ 数据库连接正常
2026-07-28 17:41:02 | INFO  | costpilot | 数据库已备份: H:\AI-model\造价通\data\sqlite\backups\工程助手_20260728_174102.db (6512640 bytes)
2026-07-28 17:41:02 | INFO  | costpilot | ✅ 数据库备份完成: H:\AI-model\造价通\data\sqlite\backups\工程助手_20260728_174102.db
2026-07-28 17:41:02 | INFO  | costpilot | ✅ 配置文件存在: H:\AI-model\造价通\config.yaml
2026-07-28 17:41:02 | INFO  | costpilot | ✅ 前端静态文件已就绪: H:\AI-model\造价通\apps\web\dist
2026-07-28 17:41:02 | INFO  | costpilot | ✅ 日志目录: H:\AI-model\造价通\logs
2026-07-28 17:41:02 | INFO  | costpilot | ==================================================
2026-07-28 17:41:02 | INFO  | costpilot | 🚀 工程助手 API 启动成功
2026-07-28 17:41:02 | INFO  | costpilot |   版本: 0.1.0
2026-07-28 17:41:02 | INFO  | costpilot |   系统: Windows 11
2026-07-28 17:41:02 | INFO  | costpilot |   Python: 3.12.8
2026-07-28 17:41:02 | INFO  | costpilot |   文档: http://127.0.0.1:8765/docs
2026-07-28 17:41:02 | INFO  | costpilot | ==================================================
2026-07-28 17:41:13 | INFO  | costpilot | GET /health → 200 (3ms)
2026-07-28 17:41:13 | INFO  | costpilot | GET /api/v1/prices → 200 (17ms)
2026-07-28 17:41:13 | INFO  | costpilot | GET / → 200 (17ms)
2026-07-28 17:58:05 | INFO  | costpilot | GET /health → 200 (2ms)
2026-07-28 17:58:07 | INFO  | costpilot | GET /api/v1/ai/config → 200 (16ms)
2026-07-28 17:58:07 | INFO  | costpilot | GET /api/v1/ai/config → 200 (10ms)
2026-07-28 17:58:07 | INFO  | costpilot | GET /api/v1/ai/config → 200 (3ms)
2026-07-28 17:58:07 | INFO  | costpilot | GET /health → 200 (1ms)
2026-07-28 17:58:07 | INFO  | costpilot | GET /api/v1/status → 404 (7ms)
2026-07-28 17:58:08 | INFO  | costpilot | GET /health → 200 (1ms)
2026-07-28 17:58:10 | INFO  | costpilot | GET /health → 200 (1ms)
2026-07-28 17:58:11 | INFO  | costpilot | GET /health → 200 (2ms)
2026-07-28 17:58:13 | INFO  | costpilot | GET /health → 200 (1ms)
2026-07-28 17:58:14 | INFO  | costpilot | GET /health → 200 (0ms)
2026-07-28 17:58:16 | INFO  | costpilot | GET /health → 200 (6ms)
2026-07-28 17:58:16 | INFO  | costpilot | GET /api/v1/ai/providers → 200 (8ms)
2026-07-28 17:58:16 | INFO  | costpilot | GET /api/v1/ai/config → 200 (11ms)
2026-07-28 17:58:16 | INFO  | costpilot | GET /api/v1/kb/progress → 200 (8ms)
2026-07-28 17:58:16 | INFO  | costpilot | GET /api/v1/kb/stats → 200 (10ms)
2026-07-28 17:58:17 | INFO  | costpilot | GET /health → 200 (1ms)
2026-07-28 17:58:19 | INFO  | costpilot | GET /health → 200 (8ms)
2026-07-28 17:58:19 | INFO  | costpilot | GET /api/v1/fees → 200 (25ms)
2026-07-28 17:58:19 | INFO  | costpilot | GET /api/v1/prices/specialties → 200 (28ms)
2026-07-28 17:58:19 | INFO  | costpilot | GET /api/v1/prices/topics → 200 (34ms)
2026-07-28 17:58:19 | INFO  | costpilot | GET /api/v1/prices → 200 (41ms)
2026-07-28 17:58:19 | INFO  | costpilot | GET /api/v1/prices → 200 (16ms)
2026-07-28 17:58:21 | INFO  | costpilot | GET /health → 200 (1ms)
2026-07-28 17:58:22 | INFO  | costpilot | GET /health → 200 (1ms)
2026-07-28 17:58:24 | INFO  | costpilot | GET /health → 200 (1ms)
2026-07-28 17:58:25 | INFO  | costpilot | GET /health → 200 (1ms)
2026-07-28 17:58:27 | INFO  | costpilot | GET /health → 200 (1ms)
2026-07-28 17:58:28 | INFO  | costpilot | GET /health → 200 (2ms)
2026-07-28 17:58:30 | INFO  | costpilot | GET /health → 200 (2ms)
2026-07-28 17:58:30 | INFO  | costpilot | GET /api/v1/chat/sessions → 200 (8ms)
2026-07-28 17:58:31 | INFO  | costpilot | GET /health → 200 (1ms)
2026-07-28 17:58:33 | INFO  | costpilot | GET /health → 200 (1ms)
2026-07-28 17:58:34 | INFO  | costpilot | GET /health → 200 (1ms)
2026-07-28 17:58:36 | INFO  | costpilot | GET /health → 200 (0ms)
2026-07-28 17:58:36 | INFO  | costpilot | GET /api/v1/ai/providers → 200 (9ms)
2026-07-28 17:58:36 | INFO  | costpilot | GET /api/v1/kb/progress → 200 (9ms)
2026-07-28 17:58:36 | INFO  | costpilot | GET /api/v1/ai/config → 200 (12ms)
2026-07-28 17:58:36 | INFO  | costpilot | GET /api/v1/kb/stats → 200 (16ms)
2026-07-28 17:58:37 | INFO  | costpilot | GET /api/v1/status → 404 (6ms)
2026-07-28 17:58:37 | INFO  | costpilot | GET /health → 200 (1ms)
2026-07-28 17:58:37 | INFO  | costpilot | POST /api/v1/ai/switch → 200 (27ms)
2026-07-28 17:58:39 | INFO  | costpilot | GET /health → 200 (1ms)
2026-07-28 17:58:40 | INFO  | costpilot | GET /health → 200 (1ms)
2026-07-28 17:58:41 | INFO  | costpilot | GET /api/v1/prices/specialties → 200 (4ms)
2026-07-28 17:58:41 | INFO  | costpilot | GET /api/v1/fees → 200 (8ms)
2026-07-28 17:58:41 | INFO  | costpilot | GET /api/v1/prices/topics → 200 (11ms)
2026-07-28 17:58:41 | INFO  | costpilot | GET /api/v1/prices → 200 (19ms)
2026-07-28 17:58:42 | INFO  | costpilot | GET /health → 200 (1ms)
2026-07-28 17:58:43 | INFO  | costpilot | GET /api/v1/prices/specialties → 200 (7ms)
2026-07-28 17:58:43 | INFO  | costpilot | GET /health → 200 (0ms)
2026-07-28 17:58:44 | INFO  | costpilot | GET /api/v1/prices/specialties → 200 (8ms)
2026-07-28 17:58:44 | INFO  | costpilot | GET /api/v1/fees → 200 (16ms)
2026-07-28 17:58:44 | INFO  | costpilot | GET /api/v1/prices/topics → 200 (21ms)
2026-07-28 17:58:44 | INFO  | costpilot | GET /api/v1/prices → 200 (33ms)
2026-07-28 17:58:44 | INFO  | costpilot | GET /api/v1/prices → 200 (20ms)
2026-07-28 17:58:45 | INFO  | costpilot | GET /health → 200 (1ms)
2026-07-28 17:58:46 | INFO  | costpilot | GET /health → 200 (2ms)
2026-07-28 17:58:46 | INFO  | costpilot | GET /api/v1/prices/specialties → 200 (2ms)
2026-07-28 17:58:48 | INFO  | costpilot | GET /health → 200 (3ms)
2026-07-28 17:58:49 | INFO  | costpilot | GET /health → 200 (1ms)
2026-07-28 17:58:51 | INFO  | costpilot | GET /health → 200 (2ms)
2026-07-28 17:58:51 | ERROR | costpilot | import-excel openpyxl 解析失败: File contains no valid workbook part
Traceback (most recent call last):
  File "H:\AI-model\造价通\packages\server\api\ai_assist.py", line 210, in import_excel
    wb = openpyxl_load_workbook(raw)
         ^^^^^^^^^^^^^^^^^^^^^^^^^^^
  File "H:\AI-model\造价通\packages\server\api\ai_assist.py", line 347, in openpyxl_load_workbook
    return openpyxl.load_workbook(buf, data_only=True)
           ^^^^^^^^^^^^^^^^^^^^^^^^^^^^^^^^^^^^^^^^^^^
  File "C:\Users\Administrator\AppData\Local\Programs\Python\Python312\Lib\site-packages\openpyxl\reader\excel.py", line 348, in load_workbook
    reader.read()
  File "C:\Users\Administrator\AppData\Local\Programs\Python\Python312\Lib\site-packages\openpyxl\reader\excel.py", line 293, in read
    self.read_workbook()
  File "C:\Users\Administrator\AppData\Local\Programs\Python\Python312\Lib\site-packages\openpyxl\reader\excel.py", line 151, in read_workbook
    wb_part = _find_workbook_part(self.package)
              ^^^^^^^^^^^^^^^^^^^^^^^^^^^^^^^^^
  File "C:\Users\Administrator\AppData\Local\Programs\Python\Python312\Lib\site-packages\openpyxl\reader\excel.py", line 112, in _find_workbook_part
    raise IOError("File contains no valid workbook part")
OSError: File contains no valid workbook part
2026-07-28 17:58:51 | INFO  | costpilot | POST /api/v1/ai/import-excel → 422 (21ms)
2026-07-28 17:58:51 | INFO  | costpilot | POST /api/v1/ai/test → 200 (13926ms)
2026-07-28 17:58:52 | INFO  | costpilot | GET /health → 200 (1ms)
2026-07-28 17:58:54 | INFO  | costpilot | GET /health → 200 (1ms)
2026-07-28 17:58:55 | INFO  | costpilot | GET /health → 200 (2ms)
2026-07-28 17:58:57 | INFO  | costpilot | GET /health → 200 (0ms)
2026-07-28 17:58:58 | INFO  | costpilot | GET /health → 200 (0ms)
2026-07-28 17:59:00 | INFO  | costpilot | GET /health → 200 (9ms)
2026-07-28 17:59:02 | INFO  | costpilot | GET /health → 200 (1ms)
2026-07-28 17:59:03 | INFO  | costpilot | GET /health → 200 (1ms)
2026-07-28 17:59:05 | INFO  | costpilot | GET /health → 200 (2ms)
2026-07-28 17:59:06 | INFO  | costpilot | GET /health → 200 (1ms)
2026-07-28 17:59:07 | INFO  | costpilot | GET /api/v1/status → 404 (4ms)
2026-07-28 17:59:08 | INFO  | costpilot | GET /health → 200 (1ms)
2026-07-28 17:59:09 | INFO  | costpilot | GET /health → 200 (2ms)
2026-07-28 17:59:11 | INFO  | costpilot | GET /health → 200 (1ms)
2026-07-28 17:59:12 | INFO  | costpilot | GET /health → 200 (0ms)
2026-07-28 17:59:14 | INFO  | costpilot | GET /health → 200 (0ms)
2026-07-28 17:59:15 | INFO  | costpilot | GET /health → 200 (3ms)
2026-07-28 17:59:17 | INFO  | costpilot | GET /health → 200 (0ms)
2026-07-28 17:59:18 | INFO  | costpilot | GET /health → 200 (1ms)
2026-07-28 17:59:20 | INFO  | costpilot | GET /health → 200 (3ms)
2026-07-28 17:59:21 | INFO  | costpilot | GET /health → 200 (2ms)
2026-07-28 17:59:23 | INFO  | costpilot | GET /health → 200 (1ms)
2026-07-28 17:59:24 | INFO  | costpilot | GET /health → 200 (1ms)
2026-07-28 17:59:26 | INFO  | costpilot | GET /health → 200 (2ms)
2026-07-28 17:59:27 | INFO  | costpilot | GET /health → 200 (2ms)
2026-07-28 17:59:29 | INFO  | costpilot | GET /health → 200 (3ms)
2026-07-28 17:59:30 | INFO  | costpilot | GET /health → 200 (1ms)
2026-07-28 17:59:32 | INFO  | costpilot | GET /health → 200 (1ms)
2026-07-28 17:59:33 | INFO  | costpilot | GET /health → 200 (1ms)
2026-07-28 17:59:35 | INFO  | costpilot | GET /health → 200 (1ms)
2026-07-28 17:59:37 | INFO  | costpilot | GET /api/v1/status → 404 (3ms)
2026-07-28 18:00:07 | INFO  | costpilot | GET /api/v1/status → 404 (3ms)
2026-07-28 18:04:52 | INFO  | costpilot | GET /health → 200 (0ms)
2026-07-28 18:04:52 | INFO  | costpilot | GET /api/v1/prices → 200 (4ms)
2026-07-28 18:04:52 | INFO  | costpilot | GET /api/v1/prices/specialties → 200 (3ms)
2026-07-28 18:07:08 | INFO  | costpilot | GET /api/v1/prices → 200 (4ms)
2026-07-28 18:07:08 | INFO  | costpilot | GET /api/v1/prices/specialties → 200 (3ms)
2026-07-28 18:07:08 | INFO  | costpilot | GET /api/v1/prices/stats → 200 (44ms)
2026-07-28 18:07:08 | INFO  | costpilot | GET /api/v1/fees → 200 (4ms)
2026-07-28 18:07:08 | INFO  | costpilot | GET /health → 200 (0ms)
2026-07-28 18:07:19 | INFO  | costpilot | GET /api/v1/prices/search → 200 (9ms)
2026-07-28 18:07:19 | INFO  | costpilot | GET /api/v1/prices → 200 (4ms)
2026-07-28 18:11:29 | INFO  | costpilot | ✅ 数据库连接正常
2026-07-28 18:11:29 | INFO  | costpilot | 数据库已备份: H:\AI-model\造价通\data\sqlite\backups\工程助手_20260728_181129.db (6512640 bytes)
2026-07-28 18:11:29 | INFO  | costpilot | ✅ 数据库备份完成: H:\AI-model\造价通\data\sqlite\backups\工程助手_20260728_181129.db
2026-07-28 18:11:29 | INFO  | costpilot | ✅ 配置文件存在: H:\AI-model\造价通\config.yaml
2026-07-28 18:11:29 | INFO  | costpilot | ✅ 前端静态文件已就绪: H:\AI-model\造价通\apps\web\dist
2026-07-28 18:11:29 | INFO  | costpilot | ✅ 日志目录: H:\AI-model\造价通\logs
2026-07-28 18:11:29 | INFO  | costpilot | ==================================================
2026-07-28 18:11:29 | INFO  | costpilot | 🚀 工程助手 API 启动成功
2026-07-28 18:11:29 | INFO  | costpilot |   版本: 0.1.0
2026-07-28 18:11:29 | INFO  | costpilot |   系统: Windows 11
2026-07-28 18:11:29 | INFO  | costpilot |   Python: 3.12.8
2026-07-28 18:11:29 | INFO  | costpilot |   文档: http://127.0.0.1:8765/docs
2026-07-28 18:11:29 | INFO  | costpilot | ==================================================
2026-07-28 18:12:06 | INFO  | costpilot | GET /health → 200 (3ms)
2026-07-28 18:12:06 | INFO  | costpilot | GET /api/v1/prices → 200 (25ms)
2026-07-28 18:12:06 | INFO  | costpilot | GET /api/v1/prices/specialties → 200 (3ms)
2026-07-28 18:12:06 | INFO  | costpilot | GET /api/v1/prices/stats → 200 (18ms)
2026-07-28 18:12:06 | INFO  | costpilot | GET /api/v1/fees → 200 (6ms)
2026-07-28 18:12:06 | INFO  | costpilot | GET /api/v1/prices/search → 200 (5ms)
2026-07-28 18:12:06 | INFO  | costpilot | GET /api/v1/prices/topics → 200 (4ms)
